schema {
  query: QueryOfTestTypePropertyDirectives
}

type QueryOfTestTypePropertyDirectives {
  someField(id: Int!): TestTypePropertyDirectives!
  _service: _Service!
  _entities(representations: [_Any!]!): [_Entity]!
}

type TestTypePropertyDirectives @key(fields: "id name") {
  id: Int!
  name: String!
}

"This type provides a field named sdl: String! which exposes the SDL of the service's schema. This SDL (schema definition language) is a printed version of the service's schema including the annotations of federation directives. This SDL does not include the additions of the federation spec."
type _Service {
  sdl: String!
}

"Union of all types that key directive applied. This information is needed by the Apollo federation gateway."
union _Entity = TestTypePropertyDirectives

"Used to indicate a combination of fields that can be used to uniquely identify and fetch an object or interface."
directive @key(fields: _FieldSet!) on OBJECT | INTERFACE

"The `Int` scalar type represents non-fractional signed whole numeric values. Int can represent values between -(2^31) and 2^31 - 1."
scalar Int

"The `String` scalar type represents textual data, represented as UTF-8 character sequences. The String type is most often used by GraphQL to represent free-form human-readable text."
scalar String

"The _Any scalar is used to pass representations of entities from external services into the root _entities field for execution. Validation of the _Any scalar is done by matching the __typename and @external fields defined in the schema."
scalar _Any

"Scalar representing a set of fields."
scalar _FieldSet
