schema {
  query: Query
}

type Product {
  name: String!
}

type Query {
  someField(id: Int!): Review!
  _service: _Service!
}

type Review @key(fields: "id") {
  id: Int!
  product: Product! @requires(fields: "id")
}

"This type provides a field named sdl: String! which exposes the SDL of the service's schema. This SDL (schema definition language) is a printed version of the service's schema including the annotations of federation directives. This SDL does not include the additions of the federation spec."
type _Service {
  sdl: String!
}

"Union of all types that key directive applied. This information is needed by the Apollo federation gateway."
union _Entity = Review

"Used to indicate a combination of fields that can be used to uniquely identify and fetch an object or interface."
directive @key(fields: _FieldSet!) on OBJECT | INTERFACE

"Used to annotate the required input fieldset from a base type for a resolver."
directive @requires(fields: _FieldSet!) on FIELD_DEFINITION

"The `Int` scalar type represents non-fractional signed whole numeric values. Int can represent values between -(2^31) and 2^31 - 1."
scalar Int

"The `String` scalar type represents textual data, represented as UTF-8 character sequences. The String type is most often used by GraphQL to represent free-form human-readable text."
scalar String

"Scalar representing a set of fields."
scalar _FieldSet
